test1.csv.there.xls
test1.txt.me.xml
test2.csv.there.xls
test2.txt.me.xml
