====================================================================================================
|                              Starting Pipeline at 2014-06-21 16:30                               |
====================================================================================================

=========================================== Stage fastqc ===========================================

======================================== Pipeline Finished =========================================
MSG: Generated report /Users/simon/Documents/workspace3/bpipe/tests/produce_glob_jason/doc/index.html
16:30:17 MSG:  Finished at Sat Jun 21 16:30:17 EST 2014
16:30:17 MSG:  Output is ABC/test.fastqc.zip
